BL51 BANKED LINKER/LOCATER V6.22                                                        12/18/2019  18:19:21  PAGE 1


BL51 BANKED LINKER/LOCATER V6.22, INVOKED BY:
C:\SD\KEIL_V5\C51\BIN\BL51.EXE .\Objects\main.obj, .\Objects\threading.obj TO .\Objects\test_keil PRINT (.\Listings\test
>> _keil.m51) RAMSIZE (256)


MEMORY MODEL: SMALL


INPUT MODULES INCLUDED:
  .\Objects\main.obj (MAIN)
  .\Objects\threading.obj (THREADING)
  C:\SD\KEIL_V5\C51\LIB\C51S.LIB (?C_STARTUP)
  C:\SD\KEIL_V5\C51\LIB\C51S.LIB (?C?COPY)
  C:\SD\KEIL_V5\C51\LIB\C51S.LIB (?C?CLDPTR)
  C:\SD\KEIL_V5\C51\LIB\C51S.LIB (?C?CLDOPTR)
  C:\SD\KEIL_V5\C51\LIB\C51S.LIB (?C?IMUL)
  C:\SD\KEIL_V5\C51\LIB\C51S.LIB (?C?LMUL)
  C:\SD\KEIL_V5\C51\LIB\C51S.LIB (?C?ULCMP)
  C:\SD\KEIL_V5\C51\LIB\C51S.LIB (?C?LLDOPTR0)
  C:\SD\KEIL_V5\C51\LIB\C51S.LIB (?C?PLDOPTR)
  C:\SD\KEIL_V5\C51\LIB\C51S.LIB (?C?ICALL)
  C:\SD\KEIL_V5\C51\LIB\C51S.LIB (?C_INIT)
  C:\SD\KEIL_V5\C51\LIB\C51S.LIB (?C?LLDIDATA0)
  C:\SD\KEIL_V5\C51\LIB\C51S.LIB (?C?LLDXDATA0)
  C:\SD\KEIL_V5\C51\LIB\C51S.LIB (?C?LLDPDATA0)
  C:\SD\KEIL_V5\C51\LIB\C51S.LIB (?C?LLDCODE0)
  C:\SD\KEIL_V5\C51\LIB\C51S.LIB (?C?PLDIDATA)
  C:\SD\KEIL_V5\C51\LIB\C51S.LIB (?C?PLDXDATA)
  C:\SD\KEIL_V5\C51\LIB\C51S.LIB (?C?PLDPDATA)
  C:\SD\KEIL_V5\C51\LIB\C51S.LIB (?C?PLDCODE)


LINK MAP OF MODULE:  .\Objects\test_keil (MAIN)


            TYPE    BASE      LENGTH    RELOCATION   SEGMENT NAME
            -----------------------------------------------------

            * * * * * * *   D A T A   M E M O R Y   * * * * * * *
            REG     0000H     0008H     ABSOLUTE     "REG BANK 0"
            DATA    0008H     000FH     UNIT         ?DT?_THREADCREATE?THREADING
            DATA    0017H     000DH     UNIT         ?DT?__THREAD_ADD?THREADING
            DATA    0024H     0008H     UNIT         ?DT?THREADING
            DATA    002CH     0003H     UNIT         ?DT?_THREADCREATE_INIT?THREADING
            DATA    002FH     0002H     UNIT         ?DT?_THREADS_LINE?THREADING
            DATA    0031H     0001H     UNIT         ?DT?THREADING_INIT?THREADING
            IDATA   0032H     0028H     UNIT         ?ID?THREADING
            IDATA   005AH     0001H     UNIT         ?STACK

            * * * * * * *  X D A T A   M E M O R Y  * * * * * * *
            XDATA   0000H     0078H     UNIT         ?XD?THREADING

            * * * * * * *   C O D E   M E M O R Y   * * * * * * *
            CODE    0000H     0003H     ABSOLUTE     
            CODE    0003H     0007H     UNIT         ?PR?_THREADCREATE_INIT?THREADING
            CODE    000AH     0001H     UNIT         ?PR?MAIN?MAIN
            CODE    000BH     0003H     ABSOLUTE     
            CODE    000EH     0271H     UNIT         ?C?LIB_CODE
BL51 BANKED LINKER/LOCATER V6.22                                                      12/18/2019  18:19:21  PAGE 2


            CODE    027FH     0153H     UNIT         ?PR?_THREADS_LINE?THREADING
            CODE    03D2H     008CH     UNIT         ?C_C51STARTUP
            CODE    045EH     0083H     UNIT         ?PR?TIMER0INTERRUPT?THREADING
            CODE    04E1H     0055H     UNIT         ?PR?THREADING_INIT?THREADING
            CODE    0536H     004BH     UNIT         ?PR?_THREADCREATE?THREADING
            CODE    0581H     0045H     UNIT         ?PR?__THREAD_ADD?THREADING
            CODE    05C6H     0030H     UNIT         ?PR?THREAD_EMPTY?THREADING
            CODE    05F6H     0015H     UNIT         ?PR?INITTIMER0?THREADING
            CODE    060BH     000DH     UNIT         ?C_INITSEG



OVERLAY MAP OF MODULE:   .\Objects\test_keil (MAIN)


SEGMENT
  +--> CALLED SEGMENT
---------------------
?C_C51STARTUP
  +--> ?PR?MAIN?MAIN
  +--> ?C_INITSEG



SYMBOL TABLE OF MODULE:  .\Objects\test_keil (MAIN)

  VALUE           TYPE          NAME
  ----------------------------------

  -------         MODULE        MAIN
  C:0000H         SYMBOL        _ICE_DUMMY_
  D:0080H         PUBLIC        P0
  D:0090H         PUBLIC        P1
  D:00A0H         PUBLIC        P2
  D:00B0H         PUBLIC        P3
  D:00C0H         PUBLIC        P4
  D:00C8H         PUBLIC        P5
  D:00E8H         PUBLIC        P6
  D:00F8H         PUBLIC        P7
  D:00A8H         PUBLIC        IE
  D:00B8H         PUBLIC        IP
  D:00D8H         PUBLIC        CCON
  C:000AH         PUBLIC        main
  D:0098H         PUBLIC        SCON
  D:0088H         PUBLIC        TCON
  D:00D0H         PUBLIC        PSW
  -------         PROC          MAIN
  C:000AH         LINE#         5
  C:000AH         LINE#         6
  C:000AH         LINE#         9
  -------         ENDPROC       MAIN
  -------         ENDMOD        MAIN

  -------         MODULE        THREADING
  C:0000H         SYMBOL        _ICE_DUMMY_
  D:0080H         PUBLIC        P0
  D:0090H         PUBLIC        P1
BL51 BANKED LINKER/LOCATER V6.22                                                      12/18/2019  18:19:21  PAGE 3


  D:00A0H         PUBLIC        P2
  D:00B0H         PUBLIC        P3
  D:00C0H         PUBLIC        P4
  D:00C8H         PUBLIC        P5
  B:00A8H.7       PUBLIC        EA
  D:00E8H         PUBLIC        P6
  D:00F8H         PUBLIC        P7
  C:045EH         PUBLIC        Timer0Interrupt
  D:00A8H         PUBLIC        IE
  C:05C6H         PUBLIC        thread_empty
  D:0024H         PUBLIC        now_tf
  D:00B8H         PUBLIC        IP
  D:00D8H         PUBLIC        CCON
  D:0098H         PUBLIC        SCON
  D:0089H         PUBLIC        TMOD
  D:0088H         PUBLIC        TCON
  D:008EH         PUBLIC        AUXR
  B:00A8H.1       PUBLIC        ET0
  B:0088H.5       PUBLIC        TF0
  C:05F6H         PUBLIC        InitTimer0
  D:008CH         PUBLIC        TH0
  D:008AH         PUBLIC        TL0
  C:04E1H         PUBLIC        threading_init
  C:0536H         PUBLIC        _threadCreate
  D:0028H         PUBLIC        now
  B:0088H.4       PUBLIC        TR0
  C:027FH         PUBLIC        _threads_line
  C:0581H         PUBLIC        __thread_add
  C:0003H         PUBLIC        _threadCreate_init
  X:0000H         PUBLIC        threadObjectList
  D:00D0H         PUBLIC        PSW
  I:0032H         PUBLIC        thread
  -------         PROC          _THREADS_LINE
  -------         DO            
  D:002FH         SYMBOL        i
  -------         ENDDO         
  C:027FH         LINE#         25
  C:027FH         LINE#         26
  C:027FH         LINE#         28
  C:0298H         LINE#         29
  C:0298H         LINE#         30
  C:02AFH         LINE#         31
  C:02AFH         LINE#         32
  C:0327H         LINE#         34
  C:0327H         LINE#         35
  C:0362H         LINE#         36
  C:037FH         LINE#         37
  C:037FH         LINE#         39
  C:03C3H         LINE#         41
  C:03C3H         LINE#         42
  C:03C3H         LINE#         44
  C:03C3H         LINE#         45
  C:03D1H         LINE#         46
  -------         ENDPROC       _THREADS_LINE
  -------         PROC          __THREAD_ADD
  D:0001H         SYMBOL        p
  D:0017H         SYMBOL        location
BL51 BANKED LINKER/LOCATER V6.22                                                      12/18/2019  18:19:21  PAGE 4


  -------         DO            
  D:0007H         SYMBOL        em
  D:0018H         SYMBOL        obj
  -------         ENDDO         
  C:0581H         LINE#         50
  C:0583H         LINE#         51
  C:0583H         LINE#         54
  C:0586H         LINE#         55
  C:058CH         LINE#         56
  C:0590H         LINE#         57
  C:0590H         LINE#         58
  C:0592H         LINE#         59
  C:0594H         LINE#         61
  C:0594H         LINE#         62
  C:0597H         LINE#         63
  C:059AH         LINE#         64
  C:059AH         LINE#         65
  C:059FH         LINE#         66
  C:059FH         LINE#         68
  C:059FH         LINE#         70
  C:05A3H         LINE#         71
  C:05A3H         LINE#         72
  C:05C5H         LINE#         73
  C:05C5H         LINE#         75
  -------         ENDPROC       __THREAD_ADD
  -------         PROC          _THREADCREATE
  D:0008H         SYMBOL        p
  -------         DO            
  D:000BH         SYMBOL        obj
  -------         ENDDO         
  C:0536H         LINE#         77
  C:053CH         LINE#         80
  C:053FH         LINE#         81
  C:0548H         LINE#         82
  C:0551H         LINE#         83
  C:0557H         LINE#         84
  C:055CH         LINE#         85
  C:0560H         LINE#         86
  C:0580H         LINE#         87
  C:0580H         LINE#         89
  -------         ENDPROC       _THREADCREATE
  -------         PROC          _THREADCREATE_INIT
  D:002CH         SYMBOL        p
  C:0003H         LINE#         91
  C:0009H         LINE#         93
  C:0009H         LINE#         96
  -------         ENDPROC       _THREADCREATE_INIT
  -------         PROC          THREAD_EMPTY
  -------         DO            
  D:0006H         SYMBOL        i
  -------         ENDDO         
  C:05C6H         LINE#         102
  C:05C6H         LINE#         103
  C:05C6H         LINE#         106
  C:05D8H         LINE#         107
  C:05D8H         LINE#         108
  C:05EBH         LINE#         109
BL51 BANKED LINKER/LOCATER V6.22                                                      12/18/2019  18:19:21  PAGE 5


  C:05EBH         LINE#         110
  C:05ECH         LINE#         111
  C:05ECH         LINE#         112
  C:05ECH         LINE#         114
  C:05F3H         LINE#         115
  C:05F5H         LINE#         117
  -------         ENDPROC       THREAD_EMPTY
  -------         PROC          THREADING_INIT
  -------         DO            
  D:0031H         SYMBOL        i
  -------         ENDDO         
  C:04E1H         LINE#         119
  C:04E1H         LINE#         120
  C:04E1H         LINE#         123
  C:04EBH         LINE#         124
  C:04F5H         LINE#         125
  C:04F9H         LINE#         126
  C:0511H         LINE#         127
  C:0511H         LINE#         128
  C:0531H         LINE#         129
  C:0535H         LINE#         130
  -------         ENDPROC       THREADING_INIT
  -------         PROC          INITTIMER0
  C:05F6H         LINE#         157
  C:05F6H         LINE#         158
  C:05F6H         LINE#         159
  C:05F9H         LINE#         160
  C:05FCH         LINE#         161
  C:05FFH         LINE#         162
  C:0602H         LINE#         163
  C:0604H         LINE#         164
  C:0606H         LINE#         165
  C:0608H         LINE#         166
  C:060AH         LINE#         168
  -------         ENDPROC       INITTIMER0
  -------         PROC          TIMER0INTERRUPT
  C:045EH         LINE#         171
  C:047BH         LINE#         173
  C:0490H         LINE#         174
  C:04A5H         LINE#         175
  C:04A5H         LINE#         176
  C:04BAH         LINE#         177
  C:04C6H         LINE#         178
  C:04C6H         LINE#         179
  -------         ENDPROC       TIMER0INTERRUPT
  -------         ENDMOD        THREADING

  -------         MODULE        ?C?COPY
  C:00DEH         PUBLIC        ?C?COPY
  -------         ENDMOD        ?C?COPY

  -------         MODULE        ?C?CLDPTR
  C:0104H         PUBLIC        ?C?CLDPTR
  -------         ENDMOD        ?C?CLDPTR

  -------         MODULE        ?C?CLDOPTR
  C:011DH         PUBLIC        ?C?CLDOPTR
BL51 BANKED LINKER/LOCATER V6.22                                                      12/18/2019  18:19:21  PAGE 6


  -------         ENDMOD        ?C?CLDOPTR

  -------         MODULE        ?C?IMUL
  C:014AH         PUBLIC        ?C?IMUL
  -------         ENDMOD        ?C?IMUL

  -------         MODULE        ?C?LMUL
  C:015CH         PUBLIC        ?C?LMUL
  -------         ENDMOD        ?C?LMUL

  -------         MODULE        ?C?ULCMP
  C:01ABH         PUBLIC        ?C?ULCMP
  -------         ENDMOD        ?C?ULCMP

  -------         MODULE        ?C?LLDOPTR0
  C:01BCH         PUBLIC        ?C?LLDOPTR0
  -------         ENDMOD        ?C?LLDOPTR0

  -------         MODULE        ?C?PLDOPTR
  C:01ECH         PUBLIC        ?C?PLDOPTR
  -------         ENDMOD        ?C?PLDOPTR

  -------         MODULE        ?C?ICALL
  C:021CH         PUBLIC        ?C?ICALL
  C:0220H         PUBLIC        ?C?ICALL2
  -------         ENDMOD        ?C?ICALL

  -------         MODULE        ?C?LLDIDATA0
  C:0222H         PUBLIC        ?C?LLDIDATA0
  -------         ENDMOD        ?C?LLDIDATA0

  -------         MODULE        ?C?LLDXDATA0
  C:022FH         PUBLIC        ?C?LLDXDATA0
  -------         ENDMOD        ?C?LLDXDATA0

  -------         MODULE        ?C?LLDPDATA0
  C:023BH         PUBLIC        ?C?LLDPDATA0
  -------         ENDMOD        ?C?LLDPDATA0

  -------         MODULE        ?C?LLDCODE0
  C:0248H         PUBLIC        ?C?LLDCODE0
  -------         ENDMOD        ?C?LLDCODE0

  -------         MODULE        ?C?PLDIDATA
  C:0258H         PUBLIC        ?C?PLDIDATA
  -------         ENDMOD        ?C?PLDIDATA

  -------         MODULE        ?C?PLDXDATA
  C:0261H         PUBLIC        ?C?PLDXDATA
  -------         ENDMOD        ?C?PLDXDATA

  -------         MODULE        ?C?PLDPDATA
  C:026AH         PUBLIC        ?C?PLDPDATA
  -------         ENDMOD        ?C?PLDPDATA

  -------         MODULE        ?C?PLDCODE
  C:0273H         PUBLIC        ?C?PLDCODE
BL51 BANKED LINKER/LOCATER V6.22                                                      12/18/2019  18:19:21  PAGE 7


  -------         ENDMOD        ?C?PLDCODE

*** WARNING L16: UNCALLED SEGMENT, IGNORED FOR OVERLAY PROCESS
    SEGMENT: ?PR?_THREADCREATE?THREADING

*** WARNING L16: UNCALLED SEGMENT, IGNORED FOR OVERLAY PROCESS
    SEGMENT: ?PR?THREADING_INIT?THREADING

*** WARNING L16: UNCALLED SEGMENT, IGNORED FOR OVERLAY PROCESS
    SEGMENT: ?PR?INITTIMER0?THREADING

Program Size: data=91.0 xdata=120 code=1560
LINK/LOCATE RUN COMPLETE.  3 WARNING(S),  0 ERROR(S)
