C51 COMPILER V9.54   WATER                                                                 01/22/2020 09:41:22 PAGE 1   


C51 COMPILER V9.54, COMPILATION OF MODULE WATER
OBJECT MODULE PLACED IN .\Objects\Water.obj
COMPILER INVOKED BY: C:\sd\Keil_v5\C51\BIN\C51.EXE Water.c OMF2 OPTIMIZE(8,SPEED) BROWSE DEBUG PRINT(.\Listings\Water.ls
                    -t) TABS(2) OBJECT(.\Objects\Water.obj)

line level    source

   1          #include "STC15.h"
   2          #include "IO_PORT.h"
   3          #include "delayer.h"
   4          
   5          void water_op(void);
   6          void water_cl(void);
   7          void water_set(void);
   8          
   9          void water_op(void)
  10          {
  11   1          INT_CLKO &=~(0x10); //INT3 中断允许位
  12   1          io_water=1;
  13   1          delay500ms();
  14   1          INT_CLKO |=0x10; //INT3 中断允许位
  15   1      
  16   1      }
  17          
  18          void water_cl(void)
  19          {
  20   1          INT_CLKO &=~(0x10); //INT3 中断允许位
  21   1          io_water=0;
  22   1          delay500ms();
  23   1          INT_CLKO |=0x10; //INT3 中断允许位
  24   1      }
  25          void water_set(void)
  26          {
  27   1          INT_CLKO &=~(0x10); //INT3 中断允许位
  28   1          io_water=~io_water;
  29   1          delay500ms();
  30   1          INT_CLKO |=0x10; //INT3 中断允许位
  31   1      }
  32          


MODULE INFORMATION:   STATIC OVERLAYABLE
   CODE SIZE        =     36    ----
   CONSTANT SIZE    =   ----    ----
   XDATA SIZE       =   ----    ----
   PDATA SIZE       =   ----    ----
   DATA SIZE        =   ----    ----
   IDATA SIZE       =   ----    ----
   BIT SIZE         =   ----    ----
   EDATA SIZE       =   ----    ----
   HDATA SIZE       =   ----    ----
   XDATA CONST SIZE =   ----    ----
   FAR CONST SIZE   =   ----    ----
END OF MODULE INFORMATION.


C51 COMPILATION COMPLETE.  0 WARNING(S),  0 ERROR(S)
